Sorted container:
Container contains 20 elements.
0: Cartoon: name = wiCp5aBd6J, year = 1987, type = PUPPET, year / name.len(): 198.7
1: Fiction: name = ZawOjQ0bxB, year = 1998, director = bJQNGGSLtjFdIWU1izLR, year / name.len(): 199.8
2: Fiction: name = UiT7bkCnLk, year = 2008, director = 7jESJ045wNpmwT, year / name.len(): 200.8
3: Cartoon: name = zuaJW2u2Wn, year = 2018, type = DRAW, year / name.len(): 201.8
4: Fiction: name = Ypsbt7d9m, year = 1952, director = ZuyWwOWb84PTicQlNJzg, year / name.len(): 216.889
5: Fiction: name = sTgE4HfLv, year = 1965, director = W5UOPfVCQkC3, year / name.len(): 218.333
6: Fiction: name = a9seK6VhK, year = 2004, director = h7HIZGbP2q, year / name.len(): 222.667
7: Fiction: name = qKcNTAuVA, year = 2016, director = 1pAeKYcDQfiA4n1I, year / name.len(): 224
8: Documentary: name = xxXlrJuL, year = 1966, duration = 4, year / name.len(): 245.75
9: Cartoon: name = xgH9sEjv, year = 1970, type = PUPPET, year / name.len(): 246.25
10: Cartoon: name = PO57oUVK, year = 1974, type = DRAW, year / name.len(): 246.75
11: Documentary: name = 9SksDPNe, year = 1977, duration = 9, year / name.len(): 247.125
12: Documentary: name = UAGvO0pQ, year = 1986, duration = 3, year / name.len(): 248.25
13: Fiction: name = jShp27Z, year = 1961, director = zVAXaUqcP1Y, year / name.len(): 280.143
14: Fiction: name = e2NkKAz, year = 1998, director = kl4BYihLEjkkoN6AtBp, year / name.len(): 285.429
15: Fiction: name = 49m90jm, year = 1999, director = CGoX40U7rsWTxO, year / name.len(): 285.571
16: Cartoon: name = U0xVC, year = 1957, type = PLASTICINE, year / name.len(): 391.4
17: Fiction: name = gTclD, year = 1973, director = kFz3W78ZeoLw, year / name.len(): 394.6
18: Fiction: name = 5pgaU, year = 2004, director = uO9UYi67Mb, year / name.len(): 400.8
19: Fiction: name = 8ZoOj, year = 2020, director = 7J3puaxhDytO, year / name.len(): 404
