Sorted container:
Container contains 5 elements.
0: Fiction: name = movie4, year = 1956, director = KJbsdmA, year / name.len(): 326
1: Fiction: name = movie1, year = 2031, director = kjmAS, year / name.len(): 338.5
2: Fiction: name = movie5, year = 2411, director = lsafAjn, year / name.len(): 401.833
3: Fiction: name = movie2, year = 2931, director = KSDN, year / name.len(): 488.5
4: Fiction: name = movie3, year = 5433, director = kjALKKJ, year / name.len(): 905.5
